<?xml version="1.0" encoding="utf-8"?><testsuites><testsuite name="pytest" errors="0" failures="0" skipped="0" tests="4" time="10.908" timestamp="2024-11-08T23:01:11.571602-03:00" hostname="LAPTOP-8HFC342I"><testcase classname="tests.model.test_model.TestModel" name="test_model_fit" time="4.233" /><testcase classname="tests.model.test_model.TestModel" name="test_model_predict" time="0.197" /><testcase classname="tests.model.test_model.TestModel" name="test_model_preprocess_for_serving" time="0.137" /><testcase classname="tests.model.test_model.TestModel" name="test_model_preprocess_for_training" time="3.727" /></testsuite></testsuites>